[2026-02-13 11:26:02] ERROR: POST /api/auth/register - Something went wrong  {
  "statusCode": 500,
  "name": "Error",
  "stack": "Error: Origin not allowed by CORS\n    at origin (D:\\Workspace\\purwadhika\\web-development-class\\web-developement-37\\backend\\pos-api\\src\\configs\\cors.config.ts:9:16)\n    at D:\\Workspace\\purwadhika\\web-development-class\\web-developement-37\\backend\\pos-api\\node_modules\\cors\\lib\\index.js:219:13\n    at optionsCallback (D:\\Workspace\\purwadhika\\web-development-class\\web-developement-37\\backend\\pos-api\\node_modules\\cors\\lib\\index.js:199:9)\n    at corsMiddleware (D:\\Workspace\\purwadhika\\web-development-class\\web-developement-37\\backend\\pos-api\\node_modules\\cors\\lib\\index.js:204:7)\n    at Layer.handleRequest (D:\\Workspace\\purwadhika\\web-development-class\\web-developement-37\\backend\\pos-api\\node_modules\\router\\lib\\layer.js:152:17)\n    at trimPrefix (D:\\Workspace\\purwadhika\\web-development-class\\web-developement-37\\backend\\pos-api\\node_modules\\router\\index.js:342:13)\n    at D:\\Workspace\\purwadhika\\web-development-class\\web-developement-37\\backend\\pos-api\\node_modules\\router\\index.js:297:9\n    at processParams (D:\\Workspace\\purwadhika\\web-development-class\\web-developement-37\\backend\\pos-api\\node_modules\\router\\index.js:582:12)\n    at next (D:\\Workspace\\purwadhika\\web-development-class\\web-developement-37\\backend\\pos-api\\node_modules\\router\\index.js:291:5)\n    at router.handle (D:\\Workspace\\purwadhika\\web-development-class\\web-developement-37\\backend\\pos-api\\node_modules\\router\\index.js:186:3)",
  "params": {},
  "query": {},
  "headers": {
    "content-type": "application/json",
    "user-agent": "PostmanRuntime/7.51.1",
    "accept": "*/*",
    "postman-token": "07d31727-ff0a-4cfc-99fe-2d6d12e67baa",
    "host": "localhost:5000",
    "accept-encoding": "gzip, deflate, br",
    "connection": "keep-alive",
    "content-length": "128"
  }
}
[2026-02-13 11:26:42] ERROR: POST /api/auth/register - Email already registered  {
  "statusCode": 400,
  "name": "Error",
  "stack": "Error: Email already registered\n    at AppError (D:\\Workspace\\purwadhika\\web-development-class\\web-developement-37\\backend\\pos-api\\src\\helpers\\app-error.helper.ts:2:17)\n    at Object.<anonymous> (D:\\Workspace\\purwadhika\\web-development-class\\web-developement-37\\backend\\pos-api\\src\\services\\auth.service.ts:29:40)\n    at Generator.next (<anonymous>)\n    at fulfilled (D:\\Workspace\\purwadhika\\web-development-class\\web-developement-37\\backend\\pos-api\\src\\services\\auth.service.ts:5:58)\n    at processTicksAndRejections (node:internal/process/task_queues:103:5)",
  "body": {
    "email": "bayot15959@newtrea.com",
    "username": "admin02",
    "password": "Admin#2012",
    "role": "CASHIER"
  },
  "params": {},
  "query": {},
  "headers": {
    "content-type": "application/json",
    "user-agent": "PostmanRuntime/7.51.1",
    "accept": "*/*",
    "postman-token": "ed48b438-7853-4b16-bb22-f55009129f2d",
    "host": "localhost:5000",
    "accept-encoding": "gzip, deflate, br",
    "connection": "keep-alive",
    "content-length": "128"
  }
}
